// Jest Snapshot v1, https://goo.gl/fbAQLP

exports[`HelloWorldSnap.vue should render correctly with props 1`] = `
<div>
    Hello World Plato!
</div>
`;
